// Jest Snapshot v1, https://goo.gl/fbAQLP

exports[`should generate file correctly 1`] = `
"import { $_ } from '@i18never/client';

const a = $_(\\"测试\\");
const b = \\"测试\\";
const c = $_(\\"购买{0}台\\", [a], { \\"jp\\": \\"v\\" });

console.log(a, b, c);
"
`;

exports[`should generate file correctly 2`] = `
"
<!doctype html>
<html lang=\\"en\\">
  <head>
    <meta charset=\\"utf-8\\">
    <title>Rollup Bundle</title>
    
  <script>
        var lang = ('; '+document.cookie).split('; ksc_lang=').pop().split(';').shift() || 'zh';
        document.write('<scr'+'ipt src=\\"//i18never.ksyun.com/dict/'+lang+'/fake_id\\"></scr'+'ipt>');
    </script></head>
  <body>
    <script src=\\"bundle.js\\" type=\\"module\\"></script>
  </body>
</html>"
`;
